[2026-04-20T12:56:31.750Z] GET https://developers.google.com/ml-kit/vision/subject-segmentation/android → pending (?ms, ?B)
[2026-04-20T12:56:32.442Z] GET https://fonts.googleapis.com/css?family=Google+Sans:400,500|Roboto:400,400italic,500,500italic,700,700italic|Roboto+Mono:400,500,700&display=swap → 200 (199ms, 61757B)
[2026-04-20T12:56:32.442Z] GET https://fonts.googleapis.com/css2?family=Material+Icons&family=Material+Symbols+Outlined&display=block → 200 (200ms, 1311B)
[2026-04-20T12:56:32.442Z] GET https://www.gstatic.com/devrel-devsite/prod/v2f052e0cca7362dede225b85c12aee59eabee5b8fbb05d44fc345ffb54861aec/developers/css/app.css → 200 (289ms, 1537171B)
[2026-04-20T12:56:32.449Z] GET https://developers.google.com/_static/images/icons/spark.svg → 301 (345ms, ?B)
[2026-04-20T12:56:32.795Z] GET https://www.gstatic.com/devrel-devsite/prod/v2f052e0cca7362dede225b85c12aee59eabee5b8fbb05d44fc345ffb54861aec/images/icons/spark.svg → 200 (222ms, 760B)
[2026-04-20T12:56:33.110Z] GET https://fonts.gstatic.com/s/googlesans/v67/4UasrENHsxJlGDuGo1OIlJfC6l_24rlCK1Yo_Iqcsih3SAyH6cAwhX9RPjIUvQ.woff2 → pending (?ms, ?B)
[2026-04-20T12:56:33.110Z] GET https://fonts.gstatic.com/s/roboto/v51/KFO7CnqEu92Fr1ME7kSn66aGLdTylUAMa3yUBA.woff2 → pending (?ms, ?B)
[2026-04-20T12:56:33.110Z] GET https://fonts.gstatic.com/s/materialicons/v145/flUhRq6tzZclQEJ-Vdg-IuiaDsNc.woff2 → pending (?ms, ?B)
[2026-04-20T12:56:33.110Z] GET https://fonts.gstatic.com/s/robotomono/v31/L0x5DF4xlVMF-BfR8bXMIjhLq38.woff2 → pending (?ms, ?B)
[2026-04-20T12:56:33.110Z] GET https://developers.google.com/static/ml-kit/images/MLKit_Icon_72.png → pending (?ms, ?B)
[2026-04-20T12:56:33.112Z] GET https://www.gstatic.com/devrel-devsite/prod/v2f052e0cca7362dede225b85c12aee59eabee5b8fbb05d44fc345ffb54861aec/developers/js/app_loader.js → 200 (95ms, 43545B)
[2026-04-20T12:56:33.221Z] GET https://www.gstatic.com/devrel-devsite/prod/v2f052e0cca7362dede225b85c12aee59eabee5b8fbb05d44fc345ffb54861aec/developers/js/devsite_app_module.js → 200 (190ms, ?B)
[2026-04-20T12:56:33.432Z] GET https://www.gstatic.com/devrel-devsite/prod/v2f052e0cca7362dede225b85c12aee59eabee5b8fbb05d44fc345ffb54861aec/developers/js/devsite_app_custom_elements_module.js → 200 (328ms, 1234057B)
[2026-04-20T12:56:33.815Z] GET https://www.gstatic.com/devrel-devsite/prod/v2f052e0cca7362dede225b85c12aee59eabee5b8fbb05d44fc345ffb54861aec/developers/js/devsite_devsite_header_module.js → 200 (90ms, 6840B)
[2026-04-20T12:56:33.924Z] GET https://www.gstatic.com/devrel-devsite/prod/v2f052e0cca7362dede225b85c12aee59eabee5b8fbb05d44fc345ffb54861aec/developers/js/devsite_devsite_a11y_announce_module.js → 200 (97ms, 708B)
[2026-04-20T12:56:33.925Z] GET https://www.gstatic.com/devrel-devsite/prod/v2f052e0cca7362dede225b85c12aee59eabee5b8fbb05d44fc345ffb54861aec/developers/js/devsite_devsite_actions_module.js → 200 (97ms, 610B)
[2026-04-20T12:56:33.925Z] GET https://www.gstatic.com/devrel-devsite/prod/v2f052e0cca7362dede225b85c12aee59eabee5b8fbb05d44fc345ffb54861aec/developers/js/devsite_devsite_analytics_module.js → 200 (118ms, 188B)
[2026-04-20T12:56:33.925Z] GET https://www.gstatic.com/devrel-devsite/prod/v2f052e0cca7362dede225b85c12aee59eabee5b8fbb05d44fc345ffb54861aec/developers/js/devsite_devsite_badger_module.js → 200 (178ms, 4085B)
[2026-04-20T12:56:33.925Z] GET https://www.gstatic.com/devrel-devsite/prod/v2f052e0cca7362dede225b85c12aee59eabee5b8fbb05d44fc345ffb54861aec/developers/js/devsite_devsite_book_nav_module.js → 200 (178ms, 12855B)
[2026-04-20T12:56:33.925Z] GET https://www.gstatic.com/devrel-devsite/prod/v2f052e0cca7362dede225b85c12aee59eabee5b8fbb05d44fc345ffb54861aec/developers/js/devsite_devsite_bookmark_module.js → 200 (177ms, 13329B)
[2026-04-20T12:56:33.925Z] GET https://www.gstatic.com/devrel-devsite/prod/v2f052e0cca7362dede225b85c12aee59eabee5b8fbb05d44fc345ffb54861aec/developers/js/devsite_devsite_code_module.js → 200 (179ms, 159B)
[2026-04-20T12:56:33.925Z] GET https://www.gstatic.com/devrel-devsite/prod/v2f052e0cca7362dede225b85c12aee59eabee5b8fbb05d44fc345ffb54861aec/developers/js/devsite_devsite_concierge_module.js → 200 (177ms, 14564B)
[2026-04-20T12:56:33.925Z] GET https://www.gstatic.com/devrel-devsite/prod/v2f052e0cca7362dede225b85c12aee59eabee5b8fbb05d44fc345ffb54861aec/developers/js/devsite_devsite_content_module.js → 200 (176ms, 10324B)
[2026-04-20T12:56:33.925Z] GET https://www.gstatic.com/devrel-devsite/prod/v2f052e0cca7362dede225b85c12aee59eabee5b8fbb05d44fc345ffb54861aec/developers/js/devsite_devsite_cookie_notification_bar_module.js → 200 (174ms, 2745B)
[2026-04-20T12:56:33.925Z] GET https://www.gstatic.com/devrel-devsite/prod/v2f052e0cca7362dede225b85c12aee59eabee5b8fbb05d44fc345ffb54861aec/developers/js/devsite_devsite_feature_tooltip_module.js → 200 (174ms, 30425B)
[2026-04-20T12:56:33.926Z] GET https://www.gstatic.com/devrel-devsite/prod/v2f052e0cca7362dede225b85c12aee59eabee5b8fbb05d44fc345ffb54861aec/developers/js/devsite_devsite_feedback_module.js → 200 (176ms, 179B)
[2026-04-20T12:56:33.926Z] GET https://www.gstatic.com/devrel-devsite/prod/v2f052e0cca7362dede225b85c12aee59eabee5b8fbb05d44fc345ffb54861aec/developers/js/devsite_devsite_footer_linkboxes_module.js → 200 (178ms, 449B)
[2026-04-20T12:56:33.926Z] GET https://www.gstatic.com/devrel-devsite/prod/v2f052e0cca7362dede225b85c12aee59eabee5b8fbb05d44fc345ffb54861aec/developers/js/devsite_devsite_footer_promos_module.js → 200 (176ms, 443B)
[2026-04-20T12:56:33.926Z] GET https://www.gstatic.com/devrel-devsite/prod/v2f052e0cca7362dede225b85c12aee59eabee5b8fbb05d44fc345ffb54861aec/developers/js/devsite_devsite_footer_utility_module.js → 200 (175ms, 485B)
[2026-04-20T12:56:33.927Z] GET https://www.gstatic.com/devrel-devsite/prod/v2f052e0cca7362dede225b85c12aee59eabee5b8fbb05d44fc345ffb54861aec/developers/js/devsite_devsite_heading_link_module.js → 200 (171ms, 2723B)
[2026-04-20T12:56:33.927Z] GET https://www.gstatic.com/devrel-devsite/prod/v2f052e0cca7362dede225b85c12aee59eabee5b8fbb05d44fc345ffb54861aec/developers/js/devsite_devsite_key_takeaways_panel_module.js → 200 (171ms, 1079B)
[2026-04-20T12:56:33.927Z] GET https://www.gstatic.com/devrel-devsite/prod/v2f052e0cca7362dede225b85c12aee59eabee5b8fbb05d44fc345ffb54861aec/developers/js/devsite_devsite_language_selector_module.js → 200 (176ms, 7148B)
[2026-04-20T12:56:33.927Z] GET https://www.gstatic.com/devrel-devsite/prod/v2f052e0cca7362dede225b85c12aee59eabee5b8fbb05d44fc345ffb54861aec/developers/js/devsite_devsite_llm_tools_module.js → 200 (171ms, 3035B)
[2026-04-20T12:56:33.927Z] GET https://www.gstatic.com/devrel-devsite/prod/v2f052e0cca7362dede225b85c12aee59eabee5b8fbb05d44fc345ffb54861aec/developers/js/devsite_devsite_notification_module.js → 200 (177ms, 821B)
[2026-04-20T12:56:33.927Z] GET https://www.gstatic.com/devrel-devsite/prod/v2f052e0cca7362dede225b85c12aee59eabee5b8fbb05d44fc345ffb54861aec/developers/js/devsite_devsite_panel_module.js → 200 (171ms, 166B)
[2026-04-20T12:56:33.927Z] GET https://www.gstatic.com/devrel-devsite/prod/v2f052e0cca7362dede225b85c12aee59eabee5b8fbb05d44fc345ffb54861aec/developers/js/devsite_devsite_progress_module.js → 200 (177ms, 847B)
[2026-04-20T12:56:33.927Z] GET https://www.gstatic.com/devrel-devsite/prod/v2f052e0cca7362dede225b85c12aee59eabee5b8fbb05d44fc345ffb54861aec/developers/js/devsite_devsite_recommendations_module.js → 200 (130ms, 11137B)
[2026-04-20T12:56:33.927Z] GET https://www.gstatic.com/devrel-devsite/prod/v2f052e0cca7362dede225b85c12aee59eabee5b8fbb05d44fc345ffb54861aec/developers/js/devsite_devsite_recommendations_sidebar_module.js → 200 (169ms, 3377B)
[2026-04-20T12:56:33.928Z] GET https://www.gstatic.com/devrel-devsite/prod/v2f052e0cca7362dede225b85c12aee59eabee5b8fbb05d44fc345ffb54861aec/developers/js/devsite_devsite_search_module.js → 200 (130ms, 12021B)
[2026-04-20T12:56:33.928Z] GET https://www.gstatic.com/devrel-devsite/prod/v2f052e0cca7362dede225b85c12aee59eabee5b8fbb05d44fc345ffb54861aec/developers/js/devsite_devsite_selector_module.js → 200 (127ms, 12293B)
[2026-04-20T12:56:33.928Z] GET https://www.gstatic.com/devrel-devsite/prod/v2f052e0cca7362dede225b85c12aee59eabee5b8fbb05d44fc345ffb54861aec/developers/js/devsite_devsite_sitemask_module.js → 200 (126ms, 1353B)
[2026-04-20T12:56:33.928Z] GET https://www.gstatic.com/devrel-devsite/prod/v2f052e0cca7362dede225b85c12aee59eabee5b8fbb05d44fc345ffb54861aec/developers/js/devsite_devsite_snackbar_module.js → 200 (176ms, 7123B)
[2026-04-20T12:56:33.928Z] GET https://www.gstatic.com/devrel-devsite/prod/v2f052e0cca7362dede225b85c12aee59eabee5b8fbb05d44fc345ffb54861aec/developers/js/devsite_devsite_tabs_module.js → 200 (130ms, 159B)
[2026-04-20T12:56:33.928Z] GET https://www.gstatic.com/devrel-devsite/prod/v2f052e0cca7362dede225b85c12aee59eabee5b8fbb05d44fc345ffb54861aec/developers/js/devsite_devsite_thumb_rating_module.js → 200 (178ms, 15817B)
[2026-04-20T12:56:33.928Z] GET https://www.gstatic.com/devrel-devsite/prod/v2f052e0cca7362dede225b85c12aee59eabee5b8fbb05d44fc345ffb54861aec/developers/js/devsite_devsite_toc_module.js → 200 (177ms, 8256B)
[2026-04-20T12:56:33.928Z] GET https://www.gstatic.com/devrel-devsite/prod/v2f052e0cca7362dede225b85c12aee59eabee5b8fbb05d44fc345ffb54861aec/developers/js/devsite_devsite_tooltip_module.js → 200 (175ms, 3748B)
[2026-04-20T12:56:33.928Z] GET https://www.gstatic.com/devrel-devsite/prod/v2f052e0cca7362dede225b85c12aee59eabee5b8fbb05d44fc345ffb54861aec/developers/js/devsite_devsite_user_module.js → 200 (178ms, 165B)
[2026-04-20T12:56:33.928Z] GET https://www.gstatic.com/devrel-devsite/prod/v2f052e0cca7362dede225b85c12aee59eabee5b8fbb05d44fc345ffb54861aec/developers/js/devsite_devsite_view_release_notes_module.js → 200 (177ms, 1944B)
[2026-04-20T12:56:34.060Z] GET https://developers.google.com/_d/significatio/recommendations?r=%5B%5B%5B%5B%22%2Fml-kit%2Fvision%2Fsubject-segmentation%2Fandroid%22%2C1%5D%5D%5D%5D → pending (?ms, ?B)
[2026-04-20T12:56:34.110Z] GET https://www.gstatic.com/glue/cookienotificationbar/config/2a.json?hl=en → 200 (102ms, 834B)
[2026-04-20T12:56:34.110Z] GET https://www.gstatic.com/devrel-devsite/prod/v2f052e0cca7362dede225b85c12aee59eabee5b8fbb05d44fc345ffb54861aec/developers/js/devsite_devsite_dialog_module.js → 200 (91ms, 163B)
[2026-04-20T12:56:34.111Z] GET https://www.gstatic.com/devrel-devsite/prod/v2f052e0cca7362dede225b85c12aee59eabee5b8fbb05d44fc345ffb54861aec/developers/js/devsite_devsite_fast_track_profile_creator_module.js → 200 (90ms, 212B)
[2026-04-20T12:56:34.112Z] GET https://www.gstatic.com/devrel-devsite/prod/v2f052e0cca7362dede225b85c12aee59eabee5b8fbb05d44fc345ffb54861aec/developers/js/devsite_devsite_concierge_info_panel_module.js → 200 (93ms, 179B)
[2026-04-20T12:56:34.113Z] GET https://www.gstatic.com/devrel-devsite/prod/v2f052e0cca7362dede225b85c12aee59eabee5b8fbb05d44fc345ffb54861aec/developers/js/devsite_devsite_concierge_ai_panel_module.js → 200 (94ms, 177B)
[2026-04-20T12:56:34.113Z] GET https://www.gstatic.com/devrel-devsite/prod/v2f052e0cca7362dede225b85c12aee59eabee5b8fbb05d44fc345ffb54861aec/developers/js/devsite_devsite_concierge_api_explorer_panel_module.js → 200 (94ms, 186B)
[2026-04-20T12:56:34.122Z] GET https://www.gstatic.com/devrel-devsite/prod/v2f052e0cca7362dede225b85c12aee59eabee5b8fbb05d44fc345ffb54861aec/developers/js/devsite_devsite_badge_awarded_module.js → 200 (101ms, 189B)
[2026-04-20T12:56:34.153Z] POST https://developerprofiles-pa.clients6.google.com/$rpc/google.internal.developerprofiles.v1.content.ContentService/ListReleaseNotesHistory → pending (?ms, ?B)
[2026-04-20T12:56:34.153Z] GET https://www.gstatic.com/devrel-devsite/prod/v2f052e0cca7362dede225b85c12aee59eabee5b8fbb05d44fc345ffb54861aec/developers/js/devsite_devsite_dropdown_list_module.js → 200 (92ms, 188B)
[2026-04-20T12:56:34.153Z] GET https://www.gstatic.com/devrel-devsite/prod/v2f052e0cca7362dede225b85c12aee59eabee5b8fbb05d44fc345ffb54861aec/developers/js/devsite_devsite_view_release_notes_dialog_module.js → 200 (92ms, 4454B)
[2026-04-20T12:56:34.167Z] POST https://developers.google.com/_d/profile/ogb → pending (?ms, ?B)
[2026-04-20T12:56:34.168Z] GET https://www.gstatic.com/devrel-devsite/prod/v2f052e0cca7362dede225b85c12aee59eabee5b8fbb05d44fc345ffb54861aec/developers/js/devsite_devsite_callout_notification_module.js → 200 (103ms, 202B)
[2026-04-20T12:56:34.168Z] GET https://www.gstatic.com/devrel-devsite/prod/v2f052e0cca7362dede225b85c12aee59eabee5b8fbb05d44fc345ffb54861aec/developers/js/devsite_devsite_callout_module.js → 200 (101ms, 5147B)
[2026-04-20T12:56:34.168Z] GET https://www.gstatic.com/devrel-devsite/prod/v2f052e0cca7362dede225b85c12aee59eabee5b8fbb05d44fc345ffb54861aec/developers/js/devsite_devsite_mwc_module.js → 200 (100ms, 17050B)
[2026-04-20T12:56:34.168Z] GET https://www.gstatic.com/devrel-devsite/prod/v2f052e0cca7362dede225b85c12aee59eabee5b8fbb05d44fc345ffb54861aec/developers/js/devsite_devsite_spinner_module.js → 200 (102ms, 165B)
[2026-04-20T12:56:34.207Z] GET https://www.gstatic.com/devrel-devsite/prod/v2f052e0cca7362dede225b85c12aee59eabee5b8fbb05d44fc345ffb54861aec/developers/js/devsite_devsite_related_entities_module.js → 200 (91ms, 22360B)
[2026-04-20T12:56:34.208Z] GET https://www.gstatic.com/devrel-devsite/prod/v2f052e0cca7362dede225b85c12aee59eabee5b8fbb05d44fc345ffb54861aec/developers/js/devsite_devsite_concierge_apix_module.js → 200 (89ms, 844B)
[2026-04-20T12:56:34.247Z] GET https://www.gstatic.com/devrel-devsite/prod/v2f052e0cca7362dede225b85c12aee59eabee5b8fbb05d44fc345ffb54861aec/developers/js/devsite_devsite_checkbox_module.js → 200 (90ms, 5338B)
[2026-04-20T12:56:34.533Z] POST https://developers.google.com/_d/profile/user → 200 (331ms, 2B)
[2026-04-20T12:56:34.887Z] GET https://www.googletagmanager.com/gtag/js?id=G-272J68FCRF&l=gtagDataLayer → pending (?ms, ?B)
[2026-04-20T12:56:34.887Z] GET https://www.googletagmanager.com/gtm.js?id=GTM-T98GCPGN → pending (?ms, ?B)
[2026-04-20T12:56:34.887Z] GET https://www.googletagmanager.com/gtm.js?id=GTM-NDV7K7V5&l=atDataLayer → pending (?ms, ?B)
[2026-04-20T12:56:35.541Z] POST https://www.google-analytics.com/g/collect?v=2&tid=G-272J68FCRF&gtm=45je64f1h1v890822661za200zd890822661&_p=1776689794882&gcd=13l3l3l3l1l1&npa=0&dma=0&_eu=EA&are=1&cid=1594398760.1776689796&frm=0&ir=1&pscdl=noapi&rcb=16&sr=1280x720&uaa=x86&uab=64&uafvl=Not%253AA-Brand%3B99.0.0.0%7CHeadlessChrome%3B145.0.7632.6%7CChromium%3B145.0.7632.6&uam=&uamb=0&uap=Windows&uapv=19.0.0&uaw=0&ul=en-us&_s=1&tag_exp=0~115938466~115938469~117266400~117384405&dl=https%3A%2F%2Fdevelopers.google.com%2Fml-kit%2Fvision%2Fsubject-segmentation%2Fandroid&dp=%2Fml-kit%2Fvision%2Fsubject-segmentation%2Fandroid&dt=Subject%20segmentation%20with%20ML%20Kit%20for%20Android%20%C2%A0%7C%C2%A0%20Google%20for%20Developers&sid=1776689795&sct=1&seg=0&en=page_view&_fv=1&_nsi=1&_ss=1&_ee=1&ep.experimentIds=&ep.langMachineTranslated=False&ep.langRequested=en&ep.langServed=en&ep.pageType=article&ep.projectName=ML%20Kit&ep.tenant=developers&up.internalUser=False&up.signedIn=False&tfd=3787 → 204 (516ms, ?B)
[2026-04-20T12:56:35.588Z] GET https://www.googletagmanager.com/gtag/js?id=G-SM8HXJ53K2&cx=c&gtm=4e64f1 → 200 (219ms, 473070B)
[2026-04-20T12:56:35.614Z] GET https://www.googletagmanager.com/gtag/js?id=G-64EQFFKSHW&l=atDataLayer&cx=c&gtm=4e64f1 → 200 (256ms, 416784B)
[2026-04-20T12:56:35.865Z] POST https://www.google-analytics.com/g/collect?v=2&tid=G-SM8HXJ53K2&gtm=45je64f1v9229658586z89225073684za20gzb9225073684zd9225073684&_p=1776689794883&gcs=G100&gcd=13q3q3q3q5l1&npa=1&dma_cps=-&dma=0&are=1&cid=2054866954.1776689796&frm=0&gtm_up=1&pscdl=denied&rcb=11&sr=1280x720&uaa=x86&uab=64&uafvl=Not%253AA-Brand%3B99.0.0.0%7CHeadlessChrome%3B145.0.7632.6%7CChromium%3B145.0.7632.6&uam=&uamb=0&uap=Windows&uapv=19.0.0&uaw=0&ul=en-us&_s=1&tag_exp=0~115616986~115938466~115938468~117266400~117384405~117971173&dl=https%3A%2F%2Fdevelopers.google-b197145817.com%2Fml-kit%2Fvision%2Fsubject-segmentation%2Fandroid%2F&sid=1776689795&sct=1&seg=0&dt=Subject%20segmentation%20with%20ML%20Kit%20for%20Android%20%C2%A0%7C%C2%A0%20Google%20for%20Developers&en=page_view&_fv=1&_nsi=1&_ss=1&ep.page_locale=default&ep.percent_scrolled=0&ep.scroll_increment=0&ep.scroll_instance=1&tfd=4086 → 204 (194ms, ?B)
[2026-04-20T12:56:35.918Z] POST https://www.google-analytics.com/g/collect?v=2&tid=G-64EQFFKSHW&gtm=45je64f1v9185711061z89183356566za20gzb9183356566zd9183356566&_p=1776689794883&gcs=G100&gcd=13q3q3q3q5l1&npa=1&dma_cps=-&dma=0&are=1&cid=321462835.1776689796&frm=0&pscdl=denied&rcb=16&sr=1280x720&uaa=x86&uab=64&uafvl=Not%253AA-Brand%3B99.0.0.0%7CHeadlessChrome%3B145.0.7632.6%7CChromium%3B145.0.7632.6&uam=&uamb=0&uap=Windows&uapv=19.0.0&uaw=0&ul=en-us&_s=1&tag_exp=0~115938466~115938469~117266400~117384405~117971173&dl=https%3A%2F%2Fdevelopers.google.com%2Fml-kit%2Fvision%2Fsubject-segmentation%2Fandroid&dt=Subject%20segmentation%20with%20ML%20Kit%20for%20Android%20%C2%A0%7C%C2%A0%20Google%20for%20Developers&sid=1776689795&sct=1&seg=0&en=page_view&_fv=2&_nsi=1&_ss=1&ep.allowLinker=true&ep.anonymizeIp=true&ep.location=https%3A%2F%2F&ep.alwaysSendReferrer=true&ep.legacyHistoryImport=false&ep.storage=false&ep.experimentIds=&ep.langMachineTranslated=False&ep.langRequested=en&ep.langServed=en&ep.tenant=developers&ep.contentType=article&ep.inPreferredLanguage=True&ep.recommendationExperiment=&epn.recommendationSourceDescriptionWords=0&epn.recommendationSourceIdentDescriptions=0&ep.recommendationSourcePage=&epn.recommendationSourceRank=0&epn.recommendationSourceTitleWords=0&epn.recommendationSourceType=0&up.internalUser=False&up.signedIn=False&tfd=4144 → 204 (156ms, ?B)
[2026-04-20T12:56:36.141Z] GET https://developers.google.com/_static/images/icons/spark.svg → 200 (5ms, 760B)
[2026-04-20T12:56:40.551Z] POST https://www.google-analytics.com/g/collect?v=2&tid=G-272J68FCRF&gtm=45je64f1h1v890822661za200zd890822661&_p=1776689794882&gcd=13l3l3l3l1l1&npa=0&dma=0&_eu=EAAAAAQ&are=1&cid=1594398760.1776689796&frm=0&ir=1&pscdl=noapi&rcb=16&sr=1280x720&uaa=x86&uab=64&uafvl=Not%253AA-Brand%3B99.0.0.0%7CHeadlessChrome%3B145.0.7632.6%7CChromium%3B145.0.7632.6&uam=&uamb=0&uap=Windows&uapv=19.0.0&uaw=0&ul=en-us&_s=2&tag_exp=0~115938466~115938469~117266400~117384405&sid=1776689795&sct=1&seg=0&dl=https%3A%2F%2Fdevelopers.google.com%2Fml-kit%2Fvision%2Fsubject-segmentation%2Fandroid&dt=Subject%20segmentation%20with%20ML%20Kit%20for%20Android%20%C2%A0%7C%C2%A0%20Google%20for%20Developers&en=Page%20Performance&_ee=1&ep.eventAction=upgradeElements&ep.eventLabel=Paint%20Performance&epn.value=985.0999999642372&_et=4&tfd=8803 → 204 (100ms, ?B)
[2026-04-20T12:56:40.878Z] POST https://www.google-analytics.com/g/collect?v=2&tid=G-SM8HXJ53K2&gtm=45je64f1v9229658586z89225073684za20gzb9225073684zd9225073684&_p=1776689794883&gcs=G100&gcd=13q3q3q3q5l1&npa=1&dma_cps=-&dma=0&are=1&cid=2054866954.1776689796&frm=0&gtm_up=1&pscdl=denied&rcb=11&sr=1280x720&uaa=x86&uab=64&uafvl=Not%253AA-Brand%3B99.0.0.0%7CHeadlessChrome%3B145.0.7632.6%7CChromium%3B145.0.7632.6&uam=&uamb=0&uap=Windows&uapv=19.0.0&uaw=0&ul=en-us&_s=2&tag_exp=0~115616986~115938466~115938468~117266400~117384405~117971173&dl=https%3A%2F%2Fdevelopers.google-b197145817.com%2Fml-kit%2Fvision%2Fsubject-segmentation%2Fandroid%2F&sid=1776689795&sct=1&seg=0&dt=Subject%20segmentation%20with%20ML%20Kit%20for%20Android%20%C2%A0%7C%C2%A0%20Google%20for%20Developers&en=gaevent&ep.page_locale=default&ep.eventLabel=Paint%20Performance&ep.eventAction=upgradeElements&ep.eventCategory=Page%20Performance&_et=29&tfd=9130 → 204 (102ms, ?B)
[2026-04-20T12:56:40.924Z] POST https://www.google-analytics.com/g/collect?v=2&tid=G-64EQFFKSHW&gtm=45je64f1v9185711061z89183356566za20gzb9183356566zd9183356566&_p=1776689794883&gcs=G100&gcd=13q3q3q3q5l1&npa=1&dma_cps=-&dma=0&are=1&cid=321462835.1776689796&frm=0&pscdl=denied&rcb=16&sr=1280x720&uaa=x86&uab=64&uafvl=Not%253AA-Brand%3B99.0.0.0%7CHeadlessChrome%3B145.0.7632.6%7CChromium%3B145.0.7632.6&uam=&uamb=0&uap=Windows&uapv=19.0.0&uaw=0&ul=en-us&_s=2&tag_exp=0~115938466~115938469~117266400~117384405~117971173&sid=1776689795&sct=1&seg=0&dl=https%3A%2F%2Fdevelopers.google.com%2Fml-kit%2Fvision%2Fsubject-segmentation%2Fandroid&dt=Subject%20segmentation%20with%20ML%20Kit%20for%20Android%20%C2%A0%7C%C2%A0%20Google%20for%20Developers&en=Page%20Performance&ep.allowLinker=true&ep.anonymizeIp=true&ep.location=https%3A%2F%2F&ep.alwaysSendReferrer=true&ep.legacyHistoryImport=false&ep.storage=false&ep.experimentIds=&ep.langMachineTranslated=False&ep.langRequested=en&ep.langServed=en&ep.tenant=developers&ep.contentType=article&ep.inPreferredLanguage=True&ep.eventAction=upgradeElements&ep.eventLabel=Paint%20Performance&epn.value=985.0999999642372&_et=24&tfd=9176 → 204 (101ms, ?B)
[2026-04-20T12:56:41.684Z] GET https://dl.google.com/dl/android/maven2/com/google/android/gms/play-services-mlkit-subject-segmentation/maven-metadata.xml → 200 (313ms, ?B)
[2026-04-20T12:56:44.904Z] POST https://play.google.com/log?format=json&hasfast=true&authuser=0 → 200 (490ms, 131B)
[2026-04-20T12:56:46.697Z] POST https://www.google-analytics.com/g/collect?v=2&tid=G-272J68FCRF&gtm=45je64f1h1v890822661za200zd890822661&_p=1776689794882&gcs=G100&gcd=13q3q3q3q5l1&npa=1&dma_cps=-&dma=0&_eu=EA&are=1&cid=1594398760.1776689796&frm=0&ir=1&pscdl=denied&rcb=16&sr=1280x720&uaa=x86&uab=64&uafvl=Not%253AA-Brand%3B99.0.0.0%7CHeadlessChrome%3B145.0.7632.6%7CChromium%3B145.0.7632.6&uam=&uamb=0&uap=Windows&uapv=19.0.0&uaw=0&ul=en-us&tag_exp=0~115938466~115938469~117266400~117384405&sid=1776689795&sct=1&seg=0&dl=https%3A%2F%2Fdevelopers.google.com%2Fml-kit%2Fvision%2Fsubject-segmentation%2Fandroid&dt=Subject%20segmentation%20with%20ML%20Kit%20for%20Android%20%C2%A0%7C%C2%A0%20Google%20for%20Developers&_s=3&tfd=14948 → 204 (98ms, ?B)
[2026-04-20T12:56:46.697Z] POST https://www.google-analytics.com/g/collect?v=2&tid=G-SM8HXJ53K2&gtm=45je64f1v9229658586z89225073684za20gzb9225073684zd9225073684&_p=1776689794883&gcs=G100&gcd=13q3q3q3q5l1&npa=1&dma_cps=-&dma=0&are=1&cid=2054866954.1776689796&frm=0&gtm_up=1&pscdl=denied&rcb=11&sr=1280x720&uaa=x86&uab=64&uafvl=Not%253AA-Brand%3B99.0.0.0%7CHeadlessChrome%3B145.0.7632.6%7CChromium%3B145.0.7632.6&uam=&uamb=0&uap=Windows&uapv=19.0.0&uaw=0&ul=en-us&tag_exp=0~115616986~115938466~115938468~117266400~117384405~117971173&dl=https%3A%2F%2Fdevelopers.google-b197145817.com%2Fml-kit%2Fvision%2Fsubject-segmentation%2Fandroid%2F&sid=1776689795&sct=1&seg=0&dt=Subject%20segmentation%20with%20ML%20Kit%20for%20Android%20%C2%A0%7C%C2%A0%20Google%20for%20Developers&_s=3&tfd=14949 → 204 (100ms, ?B)
[2026-04-20T12:56:46.712Z] POST https://www.google-analytics.com/g/collect?v=2&tid=G-64EQFFKSHW&gtm=45je64f1v9185711061z89183356566za20gzb9183356566zd9183356566&_p=1776689794883&gcs=G100&gcd=13q3q3q3q5l1&npa=1&dma_cps=-&dma=0&are=1&cid=321462835.1776689796&frm=0&pscdl=denied&rcb=16&sr=1280x720&uaa=x86&uab=64&uafvl=Not%253AA-Brand%3B99.0.0.0%7CHeadlessChrome%3B145.0.7632.6%7CChromium%3B145.0.7632.6&uam=&uamb=0&uap=Windows&uapv=19.0.0&uaw=0&ul=en-us&tag_exp=0~115938466~115938469~117266400~117384405~117971173&sid=1776689795&sct=1&seg=0&dl=https%3A%2F%2Fdevelopers.google.com%2Fml-kit%2Fvision%2Fsubject-segmentation%2Fandroid&dt=Subject%20segmentation%20with%20ML%20Kit%20for%20Android%20%C2%A0%7C%C2%A0%20Google%20for%20Developers&_s=3&tfd=14964 → 204 (107ms, ?B)
